{
  "version": "1.5.0",
  "plugins_used": [
    {
      "name": "ArtifactoryDetector"
    },
    {
      "name": "AWSKeyDetector"
    },
    {
      "name": "AzureStorageKeyDetector"
    },
    {
      "name": "Base64HighEntropyString",
      "limit": 4.5
    },
    {
      "name": "BasicAuthDetector"
    },
    {
      "name": "CloudantDetector"
    },
    {
      "name": "DiscordBotTokenDetector"
    },
    {
      "name": "GitHubTokenDetector"
    },
    {
      "name": "GitLabTokenDetector"
    },
    {
      "name": "HexHighEntropyString",
      "limit": 3.0
    },
    {
      "name": "IbmCloudIamDetector"
    },
    {
      "name": "IbmCosHmacDetector"
    },
    {
      "name": "IPPublicDetector"
    },
    {
      "name": "JwtTokenDetector"
    },
    {
      "name": "KeywordDetector",
      "keyword_exclude": ""
    },
    {
      "name": "MailchimpDetector"
    },
    {
      "name": "NpmDetector"
    },
    {
      "name": "OpenAIDetector"
    },
    {
      "name": "PrivateKeyDetector"
    },
    {
      "name": "PypiTokenDetector"
    },
    {
      "name": "SendGridDetector"
    },
    {
      "name": "SlackDetector"
    },
    {
      "name": "SoftlayerDetector"
    },
    {
      "name": "SquareOAuthDetector"
    },
    {
      "name": "StripeDetector"
    },
    {
      "name": "TelegramBotTokenDetector"
    },
    {
      "name": "TwilioKeyDetector"
    }
  ],
  "filters_used": [
    {
      "path": "detect_secrets.filters.allowlist.is_line_allowlisted"
    },
    {
      "path": "detect_secrets.filters.common.is_ignored_due_to_verification_policies",
      "min_level": 2
    },
    {
      "path": "detect_secrets.filters.heuristic.is_indirect_reference"
    },
    {
      "path": "detect_secrets.filters.heuristic.is_likely_id_string"
    },
    {
      "path": "detect_secrets.filters.heuristic.is_lock_file"
    },
    {
      "path": "detect_secrets.filters.heuristic.is_not_alphanumeric_string"
    },
    {
      "path": "detect_secrets.filters.heuristic.is_potential_uuid"
    },
    {
      "path": "detect_secrets.filters.heuristic.is_prefixed_with_dollar_sign"
    },
    {
      "path": "detect_secrets.filters.heuristic.is_sequential_string"
    },
    {
      "path": "detect_secrets.filters.heuristic.is_swagger_file"
    },
    {
      "path": "detect_secrets.filters.heuristic.is_templated_secret"
    }
  ],
  "results": {
    "HTML/Publication - Report": [
      {
        "type": "Base64 High Entropy String",
        "filename": "HTML/Publication - Report",
        "hashed_secret": "5641046cb7d8e5b2a46d553421171e6d913bc5f0",
        "is_verified": false,
        "line_number": 310
      },
      {
        "type": "Base64 High Entropy String",
        "filename": "HTML/Publication - Report",
        "hashed_secret": "7f2d7c48d9b1a9bbcf27d6f8ad534954ca8d6540",
        "is_verified": false,
        "line_number": 584
      },
      {
        "type": "Base64 High Entropy String",
        "filename": "HTML/Publication - Report",
        "hashed_secret": "f8991ceb6a09c5e56e8d81dadbd22e27a327e7ee",
        "is_verified": false,
        "line_number": 598
      },
      {
        "type": "Base64 High Entropy String",
        "filename": "HTML/Publication - Report",
        "hashed_secret": "607fb55c826ea4528f627a8ea3982c7640db8d1a",
        "is_verified": false,
        "line_number": 691
      },
      {
        "type": "Base64 High Entropy String",
        "filename": "HTML/Publication - Report",
        "hashed_secret": "40a8440ef44388b21ebe8b21bcdb4c2a49b979cc",
        "is_verified": false,
        "line_number": 712
      },
      {
        "type": "Base64 High Entropy String",
        "filename": "HTML/Publication - Report",
        "hashed_secret": "edb11fe2da597012d08e6e36f79a881aa993e3d0",
        "is_verified": false,
        "line_number": 817
      },
      {
        "type": "Base64 High Entropy String",
        "filename": "HTML/Publication - Report",
        "hashed_secret": "6ddcfdcef9fd312a4d5dc7ecf5376e79443901f1",
        "is_verified": false,
        "line_number": 876
      },
      {
        "type": "Base64 High Entropy String",
        "filename": "HTML/Publication - Report",
        "hashed_secret": "53a0b50a31eddfa0f474adaf7eccaca7fb23f3f3",
        "is_verified": false,
        "line_number": 900
      },
      {
        "type": "Base64 High Entropy String",
        "filename": "HTML/Publication - Report",
        "hashed_secret": "2c1d2bfd4cea634f9fa22bf89942f2403e2633f6",
        "is_verified": false,
        "line_number": 916
      },
      {
        "type": "Base64 High Entropy String",
        "filename": "HTML/Publication - Report",
        "hashed_secret": "54eaa4217d97fe4ca777ff016805b0392522c491",
        "is_verified": false,
        "line_number": 916
      },
      {
        "type": "Base64 High Entropy String",
        "filename": "HTML/Publication - Report",
        "hashed_secret": "dc65f3131b830f4f0ddb043dde5067005e774e7f",
        "is_verified": false,
        "line_number": 917
      },
      {
        "type": "Base64 High Entropy String",
        "filename": "HTML/Publication - Report",
        "hashed_secret": "086902620b0fc87b67caa0f8b68714a05181bab5",
        "is_verified": false,
        "line_number": 1195
      },
      {
        "type": "Base64 High Entropy String",
        "filename": "HTML/Publication - Report",
        "hashed_secret": "3daec7b18966d250188e8c922a4ffdf21bb5d4a4",
        "is_verified": false,
        "line_number": 1222
      },
      {
        "type": "Base64 High Entropy String",
        "filename": "HTML/Publication - Report",
        "hashed_secret": "b2b4cc1d4696f06672da8665fa3bd23dc30e9b60",
        "is_verified": false,
        "line_number": 1228
      },
      {
        "type": "Base64 High Entropy String",
        "filename": "HTML/Publication - Report",
        "hashed_secret": "2d625b354306f1f6353fc146af28d7b5f0cee255",
        "is_verified": false,
        "line_number": 1230
      },
      {
        "type": "Base64 High Entropy String",
        "filename": "HTML/Publication - Report",
        "hashed_secret": "74020815609d056319d5629d48c4ee6215aac9e7",
        "is_verified": false,
        "line_number": 1232
      },
      {
        "type": "Base64 High Entropy String",
        "filename": "HTML/Publication - Report",
        "hashed_secret": "b28f5b0352ce853fc53e9f52a41d00eed1ebac5a",
        "is_verified": false,
        "line_number": 1254
      },
      {
        "type": "Base64 High Entropy String",
        "filename": "HTML/Publication - Report",
        "hashed_secret": "35c9c1b4112014012158f2f833d9c0fc8bb5b650",
        "is_verified": false,
        "line_number": 1255
      },
      {
        "type": "Base64 High Entropy String",
        "filename": "HTML/Publication - Report",
        "hashed_secret": "484da36b5c2a1ee4eab6634bae2cafd70294dde2",
        "is_verified": false,
        "line_number": 1303
      },
      {
        "type": "Base64 High Entropy String",
        "filename": "HTML/Publication - Report",
        "hashed_secret": "3aa0ad2b152526b26bfd16de468de66b123ba74e",
        "is_verified": false,
        "line_number": 1367
      },
      {
        "type": "Base64 High Entropy String",
        "filename": "HTML/Publication - Report",
        "hashed_secret": "e5c2c6db452ad3a1c87494fed545a98330d48f0c",
        "is_verified": false,
        "line_number": 1368
      },
      {
        "type": "Base64 High Entropy String",
        "filename": "HTML/Publication - Report",
        "hashed_secret": "9097456e72b280714a3d4d8834498226b8a1fc60",
        "is_verified": false,
        "line_number": 1591
      },
      {
        "type": "Base64 High Entropy String",
        "filename": "HTML/Publication - Report",
        "hashed_secret": "2048ff5c17d85f35993e08e9c10db0593dadde86",
        "is_verified": false,
        "line_number": 1609
      },
      {
        "type": "Base64 High Entropy String",
        "filename": "HTML/Publication - Report",
        "hashed_secret": "a9b0aaaf9c0b7d116c41f7b8339483327ec1b956",
        "is_verified": false,
        "line_number": 1738
      },
      {
        "type": "Base64 High Entropy String",
        "filename": "HTML/Publication - Report",
        "hashed_secret": "fdc41acd12dff13b0922b575c84a7bea5d668b74",
        "is_verified": false,
        "line_number": 2436
      },
      {
        "type": "Base64 High Entropy String",
        "filename": "HTML/Publication - Report",
        "hashed_secret": "fcbce67ef822063304211b8a82c20b2d55d2561d",
        "is_verified": false,
        "line_number": 2513
      },
      {
        "type": "Base64 High Entropy String",
        "filename": "HTML/Publication - Report",
        "hashed_secret": "6c243e25ff5a2ebda243096890c0784072b2cbd1",
        "is_verified": false,
        "line_number": 2518
      },
      {
        "type": "Base64 High Entropy String",
        "filename": "HTML/Publication - Report",
        "hashed_secret": "c06fc363f761209b8ad2fa5f750e9899aa0c4f3b",
        "is_verified": false,
        "line_number": 2520
      },
      {
        "type": "Base64 High Entropy String",
        "filename": "HTML/Publication - Report",
        "hashed_secret": "9c77dccfc5cf0c99ca19ceac228793c7cbe71d0f",
        "is_verified": false,
        "line_number": 2530
      },
      {
        "type": "Base64 High Entropy String",
        "filename": "HTML/Publication - Report",
        "hashed_secret": "bbd8e6847bb3728a83fe51a9ad326008f57ecbbd",
        "is_verified": false,
        "line_number": 2555
      },
      {
        "type": "Base64 High Entropy String",
        "filename": "HTML/Publication - Report",
        "hashed_secret": "fac8ab777e6d743a3e1e1002b6a100e7363c7281",
        "is_verified": false,
        "line_number": 2644
      },
      {
        "type": "Base64 High Entropy String",
        "filename": "HTML/Publication - Report",
        "hashed_secret": "f447c1c69e040d54bce088002fcefd3e5774d7c7",
        "is_verified": false,
        "line_number": 2697
      },
      {
        "type": "Base64 High Entropy String",
        "filename": "HTML/Publication - Report",
        "hashed_secret": "d48aea6e20e1156f0a9077d0010c68e0d795d690",
        "is_verified": false,
        "line_number": 2807
      },
      {
        "type": "Base64 High Entropy String",
        "filename": "HTML/Publication - Report",
        "hashed_secret": "703b0a1935c953329fa42cbe8b81c8a8d153bbc3",
        "is_verified": false,
        "line_number": 2908
      },
      {
        "type": "Base64 High Entropy String",
        "filename": "HTML/Publication - Report",
        "hashed_secret": "5b348d6cf5015f13f990d4781ed69e88c0b5cf08",
        "is_verified": false,
        "line_number": 2969
      },
      {
        "type": "Base64 High Entropy String",
        "filename": "HTML/Publication - Report",
        "hashed_secret": "c8aefc5eb96dca6e2fdaa04fc99827dc3d354808",
        "is_verified": false,
        "line_number": 3066
      },
      {
        "type": "Base64 High Entropy String",
        "filename": "HTML/Publication - Report",
        "hashed_secret": "e0f2aaca6e3a4372b7ba0ebcceadb48337ff4c7c",
        "is_verified": false,
        "line_number": 3115
      },
      {
        "type": "Base64 High Entropy String",
        "filename": "HTML/Publication - Report",
        "hashed_secret": "683dbb96c629eb770b8aec6fd80af576795429f9",
        "is_verified": false,
        "line_number": 3168
      },
      {
        "type": "Base64 High Entropy String",
        "filename": "HTML/Publication - Report",
        "hashed_secret": "ac1f0f698f62b33c27fc9b0f347560451981bc48",
        "is_verified": false,
        "line_number": 3243
      },
      {
        "type": "Base64 High Entropy String",
        "filename": "HTML/Publication - Report",
        "hashed_secret": "5fb92a2caab80c37aa8ca8ac0402f8d6cef93037",
        "is_verified": false,
        "line_number": 3385
      },
      {
        "type": "Base64 High Entropy String",
        "filename": "HTML/Publication - Report",
        "hashed_secret": "a5a357ecc8266213dfb2dd8871b0e4dfe632b4b1",
        "is_verified": false,
        "line_number": 3398
      },
      {
        "type": "Base64 High Entropy String",
        "filename": "HTML/Publication - Report",
        "hashed_secret": "58b9ee29449140a720f07555dd76819974618337",
        "is_verified": false,
        "line_number": 3443
      },
      {
        "type": "Base64 High Entropy String",
        "filename": "HTML/Publication - Report",
        "hashed_secret": "3313919f0640589b60c66ee891a6a0704ebee2a2",
        "is_verified": false,
        "line_number": 3464
      },
      {
        "type": "Base64 High Entropy String",
        "filename": "HTML/Publication - Report",
        "hashed_secret": "9526f40312c8a8fbb8c208d16ce695607b147b3f",
        "is_verified": false,
        "line_number": 3551
      }
    ],
    "HTML/Publication- Technical documentation  ": [
      {
        "type": "Base64 High Entropy String",
        "filename": "HTML/Publication- Technical documentation  ",
        "hashed_secret": "5641046cb7d8e5b2a46d553421171e6d913bc5f0",
        "is_verified": false,
        "line_number": 313
      },
      {
        "type": "Base64 High Entropy String",
        "filename": "HTML/Publication- Technical documentation  ",
        "hashed_secret": "7f2d7c48d9b1a9bbcf27d6f8ad534954ca8d6540",
        "is_verified": false,
        "line_number": 606
      },
      {
        "type": "Base64 High Entropy String",
        "filename": "HTML/Publication- Technical documentation  ",
        "hashed_secret": "f2097b76e658fd26df84892c3ccd96a68fb3741a",
        "is_verified": false,
        "line_number": 620
      },
      {
        "type": "Base64 High Entropy String",
        "filename": "HTML/Publication- Technical documentation  ",
        "hashed_secret": "b84e6de81507c8592a3e7d21fd405b51f4730312",
        "is_verified": false,
        "line_number": 635
      },
      {
        "type": "Base64 High Entropy String",
        "filename": "HTML/Publication- Technical documentation  ",
        "hashed_secret": "b46d73ce0aa4db9a72ff7e5136c91e83060f655a",
        "is_verified": false,
        "line_number": 653
      },
      {
        "type": "Base64 High Entropy String",
        "filename": "HTML/Publication- Technical documentation  ",
        "hashed_secret": "73dcd6431fa20f697f089b89d0a8ec037fc651c7",
        "is_verified": false,
        "line_number": 782
      },
      {
        "type": "Base64 High Entropy String",
        "filename": "HTML/Publication- Technical documentation  ",
        "hashed_secret": "40a8440ef44388b21ebe8b21bcdb4c2a49b979cc",
        "is_verified": false,
        "line_number": 803
      }
    ],
    "HTML/untitled": [
      {
        "type": "Base64 High Entropy String",
        "filename": "HTML/untitled",
        "hashed_secret": "5641046cb7d8e5b2a46d553421171e6d913bc5f0",
        "is_verified": false,
        "line_number": 313
      },
      {
        "type": "Base64 High Entropy String",
        "filename": "HTML/untitled",
        "hashed_secret": "7f2d7c48d9b1a9bbcf27d6f8ad534954ca8d6540",
        "is_verified": false,
        "line_number": 606
      },
      {
        "type": "Base64 High Entropy String",
        "filename": "HTML/untitled",
        "hashed_secret": "f2097b76e658fd26df84892c3ccd96a68fb3741a",
        "is_verified": false,
        "line_number": 620
      },
      {
        "type": "Base64 High Entropy String",
        "filename": "HTML/untitled",
        "hashed_secret": "b84e6de81507c8592a3e7d21fd405b51f4730312",
        "is_verified": false,
        "line_number": 635
      },
      {
        "type": "Base64 High Entropy String",
        "filename": "HTML/untitled",
        "hashed_secret": "b46d73ce0aa4db9a72ff7e5136c91e83060f655a",
        "is_verified": false,
        "line_number": 653
      },
      {
        "type": "Base64 High Entropy String",
        "filename": "HTML/untitled",
        "hashed_secret": "73dcd6431fa20f697f089b89d0a8ec037fc651c7",
        "is_verified": false,
        "line_number": 782
      },
      {
        "type": "Base64 High Entropy String",
        "filename": "HTML/untitled",
        "hashed_secret": "40a8440ef44388b21ebe8b21bcdb4c2a49b979cc",
        "is_verified": false,
        "line_number": 803
      }
    ],
    "deployment/validate_env.py": [
      {
        "type": "Secret Keyword",
        "filename": "deployment/validate_env.py",
        "hashed_secret": "a210cfc794f08f6cb509660fdd5523e45dae52c3",
        "is_verified": false,
        "line_number": 66
      },
      {
        "type": "Secret Keyword",
        "filename": "deployment/validate_env.py",
        "hashed_secret": "344dffa49166a48f26ad0e0a972da8ca32034044",
        "is_verified": false,
        "line_number": 68
      }
    ]
  },
  "generated_at": "2026-04-09T17:15:08Z"
}
