https://analytics12-na.primo.exlibrisgroup.com/bi-security-login/login.jsp;jsessionid=7VTJ15pGCVZCfeEK92ik_7MGT3umLVy-4g0dzqZFgQvfuU6Sh07z!-57719736?msi=false&mt=false&profileMust=true&redirect=L2FuYWx5dGljcy9zYXcuZGxsP0xvZ29mZiZoYXNoPVBSTVBTZ0dQaVlla2o2TVVBeVBpTV9PVDhodS0tR2dUNlprTU96ZUlyVGY3ck1zNDRiU0ZqTnp6Q1RJejVTSko= - net::ERR_BLOCKED_BY_ORB
https://analytics12-na.esploro.exlibrisgroup.com/bi-security-login/login.jsp;jsessionid=fM_J15o_PvPim1OFm7RpAjO4hx8lB_mrT2_2iPUzapFVpQa2WUsi!-57719736?msi=false&mt=false&profileMust=true&redirect=L2FuYWx5dGljcy9zYXcuZGxsP0xvZ29mZiZoYXNoPVBSTVBTZ0dQaVlla2o2TVVBeVBpTV9PVDhodS0tR2dUNlprTU96ZUlyVGY3ck1zNDRiU0ZqTnp6Q1RJejVTSko= - net::ERR_BLOCKED_BY_ORB
https://analytics12-na.primo.exlibrisgroup.com/bi-security-login/login.jsp;jsessionid=mHnJ15qADj30n-7hPiG3r8VlbGyjiQ3CRnM-7xh_vudPeDeMlN80!-57719736?msi=false&mt=false&profileMust=true&redirect=L2FuYWx5dGljcy9zYXcuZGxsP0xvZ29mZiZoYXNoPVBSTVBTZ0dQaVlla2o2TVVBeVBpTV9PVDhodS0tR2dUNlprTU96ZUlyVGY3ck1zNDRiU0ZqTnp6Q1RJejVTSko= - net::ERR_BLOCKED_BY_ORB
https://analytics12-na.esploro.exlibrisgroup.com/bi-security-login/login.jsp;jsessionid=SkTJ15qieYrRbLDAhRubr6xBrKh9-LAUZObPXQZybkoGjLFA38Od!-57719736?msi=false&mt=false&profileMust=true&redirect=L2FuYWx5dGljcy9zYXcuZGxsP0xvZ29mZiZoYXNoPVBSTVBTZ0dQaVlla2o2TVVBeVBpTV9PVDhodS0tR2dUNlprTU96ZUlyVGY3ck1zNDRiU0ZqTnp6Q1RJejVTSko= - net::ERR_BLOCKED_BY_ORB
javascript:void(0) - net::ERR_UNKNOWN_URL_SCHEME
https://umassd-researchmanagement.esploro.exlibrisgroup.com/infra/javascript/gridstack.js?version=2025-08-06T13:29:52Z - net::ERR_ABORTED
https://umassd-researchmanagement.esploro.exlibrisgroup.com/infra/javascript/urm_ajaxUXP.js?version=2025-08-06T13:29:52Z - net::ERR_ABORTED
https://umassd-researchmanagement.esploro.exlibrisgroup.com/infra/javascript/keyShortcutsUXP.js?version=2025-08-06T13:29:52Z - net::ERR_ABORTED
https://umassd-researchmanagement.esploro.exlibrisgroup.com/infra/javascript/featureFlag_ajax.js?version=0.9449651554984351 - net::ERR_ABORTED
https://umassd-researchmanagement.esploro.exlibrisgroup.com/infra/javascript/jquery.stickytableheaders.js?version=2025-08-06T13:29:52Z - net::ERR_ABORTED
https://umassd-researchmanagement.esploro.exlibrisgroup.com/ng/assets/js/url-polyfill.min.js?version=2025-08-06T13:29:52Z - net::ERR_ABORTED
https://umassd-researchmanagement.esploro.exlibrisgroup.com/infra/javascript/jquery.jBreadCrumb.1.1.js?version=2025-08-06T13:29:52Z - net::ERR_ABORTED
https://umassd-researchmanagement.esploro.exlibrisgroup.com/infra/javascript/scripts.js?version=2025-08-06T13:29:52Z - net::ERR_ABORTED
https://umassd-researchmanagement.esploro.exlibrisgroup.com/infra/javascript/listOperationsUXP.js?version=2025-08-06T13:29:52Z - net::ERR_ABORTED
https://umassd-researchmanagement.esploro.exlibrisgroup.com/ng/assets/js/system.min.js?version=2025-08-06T13:29:52Z - net::ERR_ABORTED
https://umassd-researchmanagement.esploro.exlibrisgroup.com/infra/javascript/jquery.easing.1.3.js?version=2025-08-06T13:29:52Z - net::ERR_ABORTED
https://umassd-researchmanagement.esploro.exlibrisgroup.com/infra/javascript/sessionTimeoutNGS.js?version=2025-08-06T13:29:52Z - net::ERR_ABORTED
https://umassd-researchmanagement.esploro.exlibrisgroup.com/infra/javascript/moment.min.js?version=2025-08-06T13:29:52Z - net::ERR_ABORTED
https://umassd-researchmanagement.esploro.exlibrisgroup.com/infra/javascript/alma_labels.js?version=2025-08-06T13:29:52Z - net::ERR_ABORTED
https://umassd-researchmanagement.esploro.exlibrisgroup.com/infra/javascript/zebra_datepicker.src.js?version=2025-08-06T13:29:52Z - net::ERR_ABORTED
https://umassd-researchmanagement.esploro.exlibrisgroup.com/infra/javascript/jquery-ui.min.js?version=2025-08-06T13:29:52Z - net::ERR_ABORTED
https://umassd-researchmanagement.esploro.exlibrisgroup.com/infra/javascript/backfix.NGS.js?version=2025-08-06T13:29:52Z - net::ERR_ABORTED
https://umassd-researchmanagement.esploro.exlibrisgroup.com/infra/javascript/walk_me.js?version=2025-08-06T13:29:52Z - net::ERR_ABORTED
https://umassd-researchmanagement.esploro.exlibrisgroup.com/infra/javascript/lodash.js?version=2025-08-06T13:29:52Z - net::ERR_ABORTED
https://umassd-researchmanagement.esploro.exlibrisgroup.com/infra/javascript/chart.bundle.js?version=2025-08-06T13:29:52Z - net::ERR_ABORTED
https://umassd-researchmanagement.esploro.exlibrisgroup.com/ng/assets/js/zone.min.js?version=2025-08-06T13:29:52Z - net::ERR_ABORTED
https://umassd-researchmanagement.esploro.exlibrisgroup.com/infra/javascript/bootstrap.tagInput.js?version=2025-08-06T13:29:52Z - net::ERR_ABORTED
https://umassd-researchmanagement.esploro.exlibrisgroup.com/infra/javascript/generalNGS.js?version=2025-08-06T13:29:52Z - net::ERR_ABORTED
https://umassd-researchmanagement.esploro.exlibrisgroup.com/infra/javascript/perfect-scrollbar.jquery.js?version=2025-08-06T13:29:52Z - net::ERR_ABORTED
https://umassd-researchmanagement.esploro.exlibrisgroup.com/infra/javascript/Popup.js?version=2025-08-06T13:29:52Z - net::ERR_ABORTED
https://umassd-researchmanagement.esploro.exlibrisgroup.com/ng/assets/js/fetch.umd.min.js?version=2025-08-06T13:29:52Z - net::ERR_ABORTED
https://umassd-researchmanagement.esploro.exlibrisgroup.com/infra/javascript/generalUXP.js?version=2025-08-06T13:29:52Z - net::ERR_ABORTED
https://umassd-researchmanagement.esploro.exlibrisgroup.com/infra/javascript/daterangepicker.js?version=2025-08-06T13:29:52Z - net::ERR_ABORTED
https://umassd-researchmanagement.esploro.exlibrisgroup.com/infra/javascript/xhr-fetch-patch.js?version=2025-08-06T13:29:52Z - net::ERR_ABORTED
https://umassd-researchmanagement.esploro.exlibrisgroup.com/ng/assets/js/core-js-bundle.min.js?version=2025-08-06T13:29:52Z - net::ERR_ABORTED
https://umassd-researchmanagement.esploro.exlibrisgroup.com/infra/javascript/windowMng.js?version=2025-08-06T13:29:52Z - net::ERR_ABORTED
https://umassd-researchmanagement.esploro.exlibrisgroup.com/infra/javascript/fileUploadField.js?version=2025-08-06T13:29:52Z - net::ERR_ABORTED
https://umassd-researchmanagement.esploro.exlibrisgroup.com/infra/javascript/bootstrap-notify.js?version=2025-08-06T13:29:52Z - net::ERR_ABORTED
https://umassd-researchmanagement.esploro.exlibrisgroup.com/infra/javascript/multitab.js?version=2025-08-06T13:29:52Z - net::ERR_ABORTED
https://umassd-researchmanagement.esploro.exlibrisgroup.com/infra/javascript/urm_boomerang.js?version=2025-08-06T13:29:52Z - net::ERR_ABORTED
https://umassd-researchmanagement.esploro.exlibrisgroup.com/infra/javascript/bootstrap.min.js?version=2025-08-06T13:29:52Z - net::ERR_ABORTED
https://umassd-researchmanagement.esploro.exlibrisgroup.com/ng/assets/js/classlist.min.js?version=2025-08-06T13:29:52Z - net::ERR_ABORTED
https://umassd-researchmanagement.esploro.exlibrisgroup.com/infra/javascript/datagrid4SingleForm.js?version=2025-08-06T13:29:52Z - net::ERR_ABORTED
https://umassd-researchmanagement.esploro.exlibrisgroup.com/infra/javascript/almaMenu.js?version=2025-08-06T13:29:52Z - net::ERR_ABORTED
https://umassd-researchmanagement.esploro.exlibrisgroup.com/infra/javascript/polyfill.js?version=2025-08-06T13:29:52Z - net::ERR_ABORTED
https://umassd-researchmanagement.esploro.exlibrisgroup.com/ng/assets/loader/logo.gif - net::ERR_ABORTED
javascript:void(0) - net::ERR_UNKNOWN_URL_SCHEME
https://umassd-researchmanagement.esploro.exlibrisgroup.com/ng/assets/loader/logo.gif - net::ERR_ABORTED
https://analytics12-na.esploro.exlibrisgroup.com/bi-security-login/login.jsp;jsessionid=ZvbJ28wkmutB0y7IU7yTzpF-ruvDaaWy6u8-oUo_gbRV3FyTXtZg!-57719736?msi=false&mt=false&profileMust=true&redirect=L2FuYWx5dGljcy9zYXcuZGxsP0xvZ29mZiZoYXNoPVBSTVBTZ0dQaVlla2o2TVVBeVBpTV9PVDhodS0tR2dUNlprTU96ZUlyVGY3ck1zNDRiU0ZqTnp6Q1RJejVTSko= - net::ERR_BLOCKED_BY_ORB
https://analytics12-na.esploro.exlibrisgroup.com/bi-security-login/login.jsp;jsessionid=WWbJ28xbQ8khDIBuovaLTxtTrrN-lueSZJRVYmEqnl502ERTWQV4!-57719736?msi=false&mt=false&profileMust=true&redirect=L2FuYWx5dGljcy9zYXcuZGxsP0xvZ29mZiZoYXNoPVBSTVBTZ0dQaVlla2o2TVVBeVBpTV9PVDhodS0tR2dUNlprTU96ZUlyVGY3ck1zNDRiU0ZqTnp6Q1RJejVTSko= - net::ERR_BLOCKED_BY_ORB
https://analytics12-na.primo.exlibrisgroup.com/bi-security-login/login.jsp;jsessionid=Qx7J282FBGQMTd0w1CFwMiIuKszevQ9KTPgEcx5lFzmhfES89GhP!-57719736?msi=false&mt=false&profileMust=true&redirect=L2FuYWx5dGljcy9zYXcuZGxsP0xvZ29mZiZoYXNoPVBSTVBTZ0dQaVlla2o2TVVBeVBpTV9PVDhodS0tR2dUNlprTU96ZUlyVGY3ck1zNDRiU0ZqTnp6Q1RJejVTSko= - net::ERR_BLOCKED_BY_ORB
https://analytics12-na.primo.exlibrisgroup.com/bi-security-login/login.jsp;jsessionid=l8PJ282-kt7rsw3BIrQCHSTgNpe0rftGtVYsDoWtMvIjmtsCGvox!-57719736?msi=false&mt=false&profileMust=true&redirect=L2FuYWx5dGljcy9zYXcuZGxsP0xvZ29mZiZoYXNoPVBSTVBTZ0dQaVlla2o2TVVBeVBpTV9PVDhodS0tR2dUNlprTU96ZUlyVGY3ck1zNDRiU0ZqTnp6Q1RJejVTSko= - net::ERR_BLOCKED_BY_ORB
javascript:void(0) - net::ERR_UNKNOWN_URL_SCHEME
https://umassd-researchmanagement.esploro.exlibrisgroup.com/infra/javascript/gridstack.js?version=2025-08-06T13:29:52Z - net::ERR_ABORTED
https://umassd-researchmanagement.esploro.exlibrisgroup.com/infra/javascript/lodash.js?version=2025-08-06T13:29:52Z - net::ERR_ABORTED
https://umassd-researchmanagement.esploro.exlibrisgroup.com/infra/javascript/bootstrap-notify.js?version=2025-08-06T13:29:52Z - net::ERR_ABORTED
https://umassd-researchmanagement.esploro.exlibrisgroup.com/infra/javascript/xhr-fetch-patch.js?version=2025-08-06T13:29:52Z - net::ERR_ABORTED
https://umassd-researchmanagement.esploro.exlibrisgroup.com/infra/javascript/generalUXP.js?version=2025-08-06T13:29:52Z - net::ERR_ABORTED
https://umassd-researchmanagement.esploro.exlibrisgroup.com/infra/javascript/windowMng.js?version=2025-08-06T13:29:52Z - net::ERR_ABORTED
https://umassd-researchmanagement.esploro.exlibrisgroup.com/infra/javascript/backfix.NGS.js?version=2025-08-06T13:29:52Z - net::ERR_ABORTED
https://umassd-researchmanagement.esploro.exlibrisgroup.com/ng/assets/js/fetch.umd.min.js?version=2025-08-06T13:29:52Z - net::ERR_ABORTED
https://umassd-researchmanagement.esploro.exlibrisgroup.com/infra/javascript/almaMenu.js?version=2025-08-06T13:29:52Z - net::ERR_ABORTED
https://umassd-researchmanagement.esploro.exlibrisgroup.com/ng/assets/js/core-js-bundle.min.js?version=2025-08-06T13:29:52Z - net::ERR_ABORTED
https://umassd-researchmanagement.esploro.exlibrisgroup.com/infra/javascript/listOperationsUXP.js?version=2025-08-06T13:29:52Z - net::ERR_ABORTED
https://umassd-researchmanagement.esploro.exlibrisgroup.com/ng/assets/js/url-polyfill.min.js?version=2025-08-06T13:29:52Z - net::ERR_ABORTED
https://umassd-researchmanagement.esploro.exlibrisgroup.com/infra/javascript/bootstrap.min.js?version=2025-08-06T13:29:52Z - net::ERR_ABORTED
https://umassd-researchmanagement.esploro.exlibrisgroup.com/infra/javascript/urm_ajaxUXP.js?version=2025-08-06T13:29:52Z - net::ERR_ABORTED
https://umassd-researchmanagement.esploro.exlibrisgroup.com/infra/javascript/zebra_datepicker.src.js?version=2025-08-06T13:29:52Z - net::ERR_ABORTED
https://umassd-researchmanagement.esploro.exlibrisgroup.com/infra/javascript/polyfill.js?version=2025-08-06T13:29:52Z - net::ERR_ABORTED
https://umassd-researchmanagement.esploro.exlibrisgroup.com/infra/javascript/chart.bundle.js?version=2025-08-06T13:29:52Z - net::ERR_ABORTED
https://umassd-researchmanagement.esploro.exlibrisgroup.com/infra/javascript/jquery.stickytableheaders.js?version=2025-08-06T13:29:52Z - net::ERR_ABORTED
https://umassd-researchmanagement.esploro.exlibrisgroup.com/ng/assets/js/system.min.js?version=2025-08-06T13:29:52Z - net::ERR_ABORTED
https://umassd-researchmanagement.esploro.exlibrisgroup.com/infra/javascript/moment.min.js?version=2025-08-06T13:29:52Z - net::ERR_ABORTED
https://umassd-researchmanagement.esploro.exlibrisgroup.com/infra/javascript/sessionTimeoutNGS.js?version=2025-08-06T13:29:52Z - net::ERR_ABORTED
https://umassd-researchmanagement.esploro.exlibrisgroup.com/infra/javascript/perfect-scrollbar.jquery.js?version=2025-08-06T13:29:52Z - net::ERR_ABORTED
https://umassd-researchmanagement.esploro.exlibrisgroup.com/infra/javascript/jquery.easing.1.3.js?version=2025-08-06T13:29:52Z - net::ERR_ABORTED
https://umassd-researchmanagement.esploro.exlibrisgroup.com/ng/assets/js/classlist.min.js?version=2025-08-06T13:29:52Z - net::ERR_ABORTED
https://umassd-researchmanagement.esploro.exlibrisgroup.com/infra/javascript/featureFlag_ajax.js?version=0.7193004482064561 - net::ERR_ABORTED
https://umassd-researchmanagement.esploro.exlibrisgroup.com/infra/javascript/alma_labels.js?version=2025-08-06T13:29:52Z - net::ERR_ABORTED
https://umassd-researchmanagement.esploro.exlibrisgroup.com/infra/javascript/bootstrap.tagInput.js?version=2025-08-06T13:29:52Z - net::ERR_ABORTED
https://umassd-researchmanagement.esploro.exlibrisgroup.com/infra/javascript/jquery.jBreadCrumb.1.1.js?version=2025-08-06T13:29:52Z - net::ERR_ABORTED
https://umassd-researchmanagement.esploro.exlibrisgroup.com/infra/javascript/urm_boomerang.js?version=2025-08-06T13:29:52Z - net::ERR_ABORTED
https://umassd-researchmanagement.esploro.exlibrisgroup.com/infra/javascript/keyShortcutsUXP.js?version=2025-08-06T13:29:52Z - net::ERR_ABORTED
https://umassd-researchmanagement.esploro.exlibrisgroup.com/infra/javascript/scripts.js?version=2025-08-06T13:29:52Z - net::ERR_ABORTED
https://umassd-researchmanagement.esploro.exlibrisgroup.com/infra/javascript/fileUploadField.js?version=2025-08-06T13:29:52Z - net::ERR_ABORTED
https://umassd-researchmanagement.esploro.exlibrisgroup.com/infra/javascript/walk_me.js?version=2025-08-06T13:29:52Z - net::ERR_ABORTED
https://umassd-researchmanagement.esploro.exlibrisgroup.com/infra/javascript/Popup.js?version=2025-08-06T13:29:52Z - net::ERR_ABORTED
https://umassd-researchmanagement.esploro.exlibrisgroup.com/infra/javascript/multitab.js?version=2025-08-06T13:29:52Z - net::ERR_ABORTED
https://umassd-researchmanagement.esploro.exlibrisgroup.com/infra/javascript/daterangepicker.js?version=2025-08-06T13:29:52Z - net::ERR_ABORTED
https://umassd-researchmanagement.esploro.exlibrisgroup.com/infra/javascript/datagrid4SingleForm.js?version=2025-08-06T13:29:52Z - net::ERR_ABORTED
https://umassd-researchmanagement.esploro.exlibrisgroup.com/infra/javascript/generalNGS.js?version=2025-08-06T13:29:52Z - net::ERR_ABORTED
https://umassd-researchmanagement.esploro.exlibrisgroup.com/ng/assets/js/zone.min.js?version=2025-08-06T13:29:52Z - net::ERR_ABORTED
https://umassd-researchmanagement.esploro.exlibrisgroup.com/infra/javascript/jquery-ui.min.js?version=2025-08-06T13:29:52Z - net::ERR_ABORTED
https://umassd-researchmanagement.esploro.exlibrisgroup.com/ng/assets/loader/logo.gif - net::ERR_ABORTED
javascript:void(0) - net::ERR_UNKNOWN_URL_SCHEME
https://umassd-researchmanagement.esploro.exlibrisgroup.com/ng/assets/loader/logo.gif - net::ERR_ABORTED
